[
    {
        "file": "Test8.sol",
        "contract": "A",
        "struct": "StructB",
        "slotsSaved": 3,
        "timedout": false
    }
]