[
    {
        "file": "Test14.sol",
        "contract": "A",
        "struct": "StructA",
        "slotsSaved": 1,
        "timedout": false
    }
]