[
    {
        "file": "Test6.sol",
        "contract": "A",
        "struct": "StructB",
        "slotsSaved": 1,
        "timedout": false
    }
]